Read	.etc.ldap_conf.v."/etc/ldap.conf"."uri" nil
Read	.etc.ldap_conf.v."/etc/ldap.conf"."host" "localhost"
Read	.etc.ldap_conf.v."/etc/ldap.conf"."base" "dc=suse,dc=cz"
Read	.etc.ldap_conf.v."/etc/ldap.conf"."ssl" nil
Read	.etc.ldap_conf.v."/etc/ldap.conf"."tls_cacertdir" "/etc/openldap/cacerts/"
Read	.etc.ldap_conf.v."/etc/ldap.conf"."tls_cacertfile" nil
Read	.etc.ldap_conf.v."/etc/ldap.conf"."tls_checkpeer" nil
Read	.etc.ldap_conf.v."/etc/ldap.conf"."nss_base_passwd" nil
Read	.etc.ldap_conf.v."/etc/ldap.conf"."nss_base_shadow" nil
Read	.etc.ldap_conf.v."/etc/ldap.conf"."nss_base_group" "ou=group,dc=suse,dc=cz"
Read	.etc.ldap_conf.v."/etc/ldap.conf"."pam_password" "crypt"
Read	.sysconfig.ldap.BASE_CONFIG_DN nil
Read	.sysconfig.ldap.FILE_SERVER "no"
Read	.sysconfig.ldap.BIND_DN "uid=manager,dc=suse,dc=cz"
Read	.etc.ldap_conf.v."/etc/ldap.conf"."nss_map_attribute" 0
Execute	.passwd.init $["base_directory":"/etc"] true
Read	.passwd.passwd.pluslines ["+"]
Read	.etc.krb5_conf.v.libdefaults.default_realm ["SUSE.CZ"]
Read	.etc.krb5_conf.v."SUSE.CZ"."kdc" ["kdc.suse.cz", "kdc.suse.de"]
Read	.etc.sssd_conf.v."domain/default"."krb5_realm" "SUSE.CZ"
Read	.etc.sssd_conf.v."domain/default"."krb5_kdcip" nil
Read	.etc.sssd_conf.v."domain/default"."ldap_schema" "rfc2307"
Read	.etc.sssd_conf.v."domain/default"."cache_credentials" "true"
Read	.etc.sssd_conf.v."domain/default"."enumerate" "true"
Return	true
Return	$["base_config_dn":"", "bind_dn":"uid=manager,dc=suse,dc=cz", "create_ldap":false, "file_server":false, "krb5_kdcip":"kdc.suse.cz,kdc.suse.de", "krb5_realm":"SUSE.CZ", "ldap_domain":"dc=suse,dc=cz", "ldap_server":"localhost", "ldap_tls":false, "login_enabled":true, "member_attribute":"member", "mkhomedir":true, "nss_base_group":"ou=group,dc=suse,dc=cz", "pam_password":"crypt", "sssd":true, "sssd_cache_credentials":true, "sssd_enumerate":true, "sssd_ldap_schema":"rfc2307", "sssd_with_krb":true, "start_autofs":true, "start_ldap":true, "tls_cacertdir":"/etc/openldap/cacerts/"]
