Read	.etc.ldap_conf.v."/etc/ldap.conf"."uri" "ldap://localhost:333"
Read	.etc.ldap_conf.v."/etc/ldap.conf"."base" "dc=suse,dc=cz"
Read	.etc.ldap_conf.v."/etc/ldap.conf"."ssl" nil
Read	.etc.ldap_conf.v."/etc/ldap.conf"."tls_cacertdir" "/etc/openldap/cacerts/"
Read	.etc.ldap_conf.v."/etc/ldap.conf"."tls_cacertfile" nil
Read	.etc.ldap_conf.v."/etc/ldap.conf"."tls_checkpeer" "no"
Read	.etc.ldap_conf.v."/etc/ldap.conf"."nss_base_passwd" nil
Read	.etc.ldap_conf.v."/etc/ldap.conf"."nss_base_shadow" nil
Read	.etc.ldap_conf.v."/etc/ldap.conf"."nss_base_group" nil
Read	.etc.ldap_conf.v."/etc/ldap.conf"."pam_password" "crypt"
Read	.sysconfig.ldap.BASE_CONFIG_DN nil
Read	.sysconfig.ldap.FILE_SERVER "no"
Read	.sysconfig.ldap.BIND_DN "uid=manager,dc=suse,dc=cz"
Read	.etc.ldap_conf.v."/etc/ldap.conf"."nss_map_attribute" 0
Execute	.passwd.init $["base_directory":"/etc"] true
Read	.passwd.passwd.pluslines ["+"]
Read	.etc.sssd_conf.v."domain/default"."krb5_realm" "SUSE.CZ"
Read	.etc.sssd_conf.v."domain/default"."krb5_kdcip" "kdc.suse.cz"
Read	.etc.sssd_conf.v."domain/default"."ldap_schema" nil
Read	.etc.sssd_conf.v."domain/default"."cache_credentials" "True"
Read	.etc.sssd_conf.v."domain/default"."enumerate" nil
Read	.etc.sssd_conf.v."domain/default"."ldap_id_use_start_tls" nil
Read	.etc.sssd_conf.v."domain/default"."ldap_user_search_base" nil
Read	.etc.sssd_conf.v."domain/default"."ldap_group_search_base" "ou=group,dc=suse,dc=cz"
Return	true
Dump	ldap: -true-
Dump	sssd: -true-
Dump	nss: -dc=suse,dc=cz-
Dump	nss: -ou=group,dc=suse,dc=cz-
